---
source: anyid.rs
expression: "WireLookupRequest :: arbitrary(& mut g)"
---
{"1":{"5":[154,77,0,155,19,212,76,218,174,127,211,79,1,180,239,159,71,129,237,47,133,207,59,183,155,157,133,85,4,46,38,85]},"3":17821718004141110471}
