---
source: commit.rs
expression: "WireFetchSnapshotResponse :: arbitrary(& mut g)"
---
{"2":[["aiffeu/uatbfkh/jkleav",{"1":[{"1":{"1":{"5":[157,133,85,4,46,38,85,25,36,58,55,101,239,1,100,81,21,29,1,4,212,7,211,178,104,186,230,81,160,133,254,52]}},"2":{"1":[95,232,130]}},"2"]}]],"3":"￳","4":9223372036854775807,"5":-415762576,"6":13615386324279387394,"7":["X떑ŉ","\u0006j"]}
